[shyoph.com/index.html]
[futugraph.com/index.html]
[thedevcrew.com/index.html]
[madesense.digital/index.html]
[droom.at/index.html]
[www.up2code-nyc.com/index.html]
[www.athand.co.uk/index.html]
[justlevelupusa.com/index.html]
[www.havefomo.com/index.html]
[www.neoncoat.com/index.html]
[crownstack.com/index.html]
[backblue.gif]
[fade.gif]
[index.html]
[crownstack.com/wp-content/uploads/2017/03/feviweb.png]
[crownstack.com/wp-content/uploads/2017/03/feviiph.png]
[crownstack.com/feed/index.html]
[crownstack.com/comments/feed/index.html]
[crownstack.com/wp-content/uploads/2017/03/feviipa.png]
[crownstack.com/wp-content/uploads/2017/03/logo50.png]
[crownstack.com/wp-content/plugins/contact-form-7/includes/css/styles20fd.css]
[crownstack.com/home/feed/index.html]
[crownstack.com/wp-content/themes/Avada/assets/css/style.min91d5.css]
[crownstack.com/wp-content/uploads/fusion-styles/fusion-77a3e.css]
[crownstack.com/wp-includes/js/jquery/jqueryb8ff.js]
[crownstack.com/wp-includes/js/jquery/jquery-migrate.min330a.js]
[crownstack.com/xmlrpc0db0.php]
[crownstack.com/wp-includes/wlwmanifest.xml]
[crownstack.com/wp-json/index.html]
[crownstack.com/wp-json/oembed/1.0/embed330c.json]
[crownstack.com/wp-json/oembed/1.0/embed3da9]
[www.google-analytics.com/analytics.js]
[crownstack.com/wp-content/uploads/2017/03/logo32.png]
[crownstack.com/wp-content/uploads/2015/05/bg1.jpg]
[crownstack.com/wp-content/uploads/2015/05/bg3.jpg]
[crownstack.com/wp-content/uploads/2015/05/mercedeslogo-300x300.png]
[crownstack.com/wp-content/uploads/2015/05/mercedeslogo.png]
[crownstack.com/wp-content/uploads/2015/05/haylogo-300x300.png]
[crownstack.com/wp-content/uploads/2015/05/haylogo.png]
[crownstack.com/author/bharat/index.html]
[crownstack.com/wp-content/uploads/2015/05/aonlogo-300x300.png]
[crownstack.com/wp-content/uploads/2015/05/aonlogo.png]
[crownstack.com/wp-content/uploads/2015/05/gnjlogo-300x300.png]
[crownstack.com/wp-content/uploads/2015/05/gnjlogo.png]
[crownstack.com/wp-content/uploads/2015/05/uberlogo-300x300.png]
[crownstack.com/wp-content/uploads/2015/05/uberlogo.png]
[crownstack.com/wp-content/uploads/2015/05/image1-e1489056494855.jpg]
[crownstack.com/wp-content/uploads/2015/05/webtechnology-700.png]
[crownstack.com/wp-content/uploads/2015/05/uiux2.png]
[crownstack.com/wp-content/plugins/contact-form-7/includes/js/scripts20fd.js]
[crownstack.com/wp-content/plugins/revue/revuef488.js]
[crownstack.com/wp-content/uploads/fusion-scripts/f85b021eb75ad0f07bd04c0c4d57fccd75a5.js]
[crownstack.com/wp-includes/js/wp-embed.min5859.js]
[crownstack.com/index.html]
[www.google.com/recaptcha/apiae20.js]
[shyoph.com/assets/images/share4012.jpg]
[fonts.googleapis.com/cssc673.css]
[shyoph.com/assets/images/favicon4012.png]
[shyoph.com/assets/images/gallery02/01_original4012.jpg]
[shyoph.com/assets/images/gallery02/014012.jpg]
[shyoph.com/assets/images/gallery02/02_original4012.jpg]
[shyoph.com/assets/images/gallery02/024012.jpg]
[shyoph.com/assets/images/gallery02/03_original4012.jpg]
[shyoph.com/assets/images/gallery02/034012.jpg]
[shyoph.com/assets/images/gallery02/04_original4012.jpg]
[shyoph.com/assets/images/gallery02/044012.jpg]
[shyoph.com/assets/images/gallery02/05_original4012.jpg]
[shyoph.com/assets/images/gallery02/054012.jpg]
[shyoph.com/assets/images/gallery02/06_original4012.jpg]
[shyoph.com/assets/images/gallery02/064012.jpg]
[shyoph.com/assets/images/gallery01/01_original4012.jpg]
[shyoph.com/assets/images/gallery01/014012.jpg]
[shyoph.com/assets/images/gallery01/02_original4012.jpg]
[shyoph.com/assets/images/gallery01/024012.jpg]
[shyoph.com/assets/images/gallery01/03_original4012.jpg]
[shyoph.com/assets/images/gallery01/034012.jpg]
[shyoph.com/assets/images/gallery01/04_original4012.jpg]
[shyoph.com/assets/images/gallery01/044012.jpg]
[shyoph.com/assets/images/gallery01/05_original4012.jpg]
[shyoph.com/assets/images/gallery01/054012.jpg]
[shyoph.com/assets/images/gallery01/06_original4012.jpg]
[shyoph.com/assets/images/gallery01/064012.jpg]
[shyoph.com/index.html]
[img1.wsimg.com/isteam/ip/debefe8f-36dc-4ed4-911f-1ee683bb1574/cb07bf5b-b658-4f6f-9151-acbd1da4b7df.jpg]
[futugraph.com/widescreen.html]
[futugraph.com/feature-me.html]
[futugraph.com/privacy-policy.html]
[img1.wsimg.com/isteam/ip/debefe8f-36dc-4ed4-911f-1ee683bb1574/cb07bf5b-b658-4f6f-9151-acbd1da4b7df.png/_/rs=h_500,cg_true,m.jpg]
[img1.wsimg.com/ceph-p3-01/website-builder-data-prod/static/widgets/UX.3.9.3.js]
[futugraph.com/index.html]
[img1.wsimg.com/tcc/tcc_l.combined.1.0.6.min.js]
[thedevcrew.com/img/favicon.ico]
[thedevcrew.com/img/logo-big.png]
[thedevcrew.com/img/top-circle.png]
[thedevcrew.com/img/top-monitor.png]
[thedevcrew.com/img/concept1.png]
[thedevcrew.com/img/concept2.png]
[thedevcrew.com/img/concept3.png]
[thedevcrew.com/img/concept7.png]
[thedevcrew.com/img/technologies1.png]
[thedevcrew.com/img/first-icons-set.png]
[thedevcrew.com/img/second-icons-set.png]
[thedevcrew.com/img/technologies2.png]
[thedevcrew.com/img/technologies3.png]
[thedevcrew.com/img/technologies4.png]
[thedevcrew.com/img/clients1.jpg]
[thedevcrew.com/img/clients3.jpg]
[thedevcrew.com/img/clients2.jpg]
[thedevcrew.com/thanks.html]
[thedevcrew.com/js/jquery-2.2.0.min.js]
[thedevcrew.com/js/plagin.min.js]
[thedevcrew.com/js/common.min.js]
[thedevcrew.com/index.html]
[droom.at/wp-content/cache/minify/b6fcf.css]
[droom.at/wp-content/uploads/2017/07/favicon.png]
[droom.at/wp-content/uploads/2017/07/icon_180x180.png]
[fonts.googleapis.com/index.html]
[droom.at/comments/feed/index.html]
[droom.at/feed/index.html]
[fonts.googleapis.com/css0f22.css]
[droom.at/wp-content/cache/minify/b9f11.js]
[droom.at/wp-content/cache/minify/f4f54.js]
[fonts.googleapis.com/cssa3be.css]
[droom.at/wp-content/cache/minify/c14cf.js]
[connect.facebook.net/de_DE/all5859.js]
[droom.at/wp-content/cache/minify/e218c.js]
[platform.linkedin.com/in5859.js]
[droom.at/wp-content/cache/minify/1ddb9.js]
[platform.twitter.com/widgets5859.js]
[droom.at/wp-content/cache/minify/30eb0.js]
[droom.at/wp-content/cache/minify/1b5f1.js]
[apis.google.com/js/plusone5859.js]
[droom.at/xmlrpc0db0.php]
[droom.at/wp-includes/wlwmanifest.xml]
[droom.at/wp-json/index.html]
[droom.at/wp-json/oembed/1.0/embed2507.json]
[droom.at/wp-json/oembed/1.0/embed96e9]
[droom.at/wp-content/uploads/2017/07/screenie_056.jpg]
[droom.at/wp-content/uploads/2017/02/droomlogo_icon_small.png]
[droom.at/wp-content/uploads/2017/03/keyboard8c3c.jpg]
[droom.at/wp-content/uploads/2017/02/droomlogo_icon_mini.png]
[droom.at/allgemeine-geschaeftsbedingungen/index.html]
[droom.at/meteor-entwicklung-neueste-updates-alles-auf-dem-letzten-stand/index.html]
[cdnjs.cloudflare.com/ajax/libs/jquery-scrollTo/2.1.2/jquery.scrollTo.min.js]
[droom.at/wp-content/plugins/hustle/assets/css/front4c56.css]
[droom.at/impressum/index.html]
[droom.at/wp-content/cache/minify/1cf0a.js]
[droom.at/wp-content/cache/minify/7250f.js]
[droom.at/wp-content/plugins/hustle/assets/js/front.min4963.js]
[droom.at/wp-content/cache/minify/10249.js]
[droom.at/index.html]
[madesense.digital/favicon.ico]
[madesense.digital/css/kaleidoscope.css]
[madesense.digital/css/styles.css]
[madesense.digital/js/kaleidoscope.js]
[madesense.digital/index.html]
[www.neoncoat.com/favicon.ico]
[www.neoncoat.com/icons/apple-icon-57x57.png]
[www.neoncoat.com/icons/apple-icon-60x60.png]
[www.neoncoat.com/icons/apple-icon-72x72.png]
[www.neoncoat.com/icons/apple-icon-76x76.png]
[www.neoncoat.com/icons/apple-icon-114x114.png]
[www.neoncoat.com/icons/apple-icon-120x120.png]
[www.neoncoat.com/icons/apple-icon-144x144.png]
[www.neoncoat.com/icons/apple-icon-152x152.png]
[www.neoncoat.com/icons/apple-icon-180x180.png]
[www.neoncoat.com/icons/android-icon-192x192.png]
[www.neoncoat.com/icons/favicon-32x32.png]
[www.neoncoat.com/icons/favicon-96x96.png]
[www.neoncoat.com/icons/favicon-16x16.png]
[www.neoncoat.com/icons/manifest.json]
[www.neoncoat.com/ms-icon-144x144.png]
[www.neoncoat.com/scripts/main.js]
[www.neoncoat.com/img/logo.png]
[www.neoncoat.com/model.html]
[www.neoncoat.com/index.html]
[www.neoncoat.com/business.html]
[www.google.com/recaptcha/api.js]
[www.agentbin.com/media/favicon.png]
[fonts.googleapis.com/css16e1.css]
[maxcdn.bootstrapcdn.com/font-awesome/4.7.0/css/font-awesome.min.css]
[www.agentbin.com/media/logo.png]
[www.agentbin.com/media/display.png]
[code.jquery.com/jquery-2.1.1.min.js]
[www.agentbin.com/js/materialize.min.js]
[www.agentbin.com/js/init.js]
[www.agentbin.com/index.html]
[igniteble.com/images/favicon.png]
[fonts.googleapis.com/cssff98.css]
[fonts.googleapis.com/csse3e5.css]
[igniteble.com/images/Igniteble-San-Diego-blue-triangle-big.jpg]
[igniteble.com/images/Igniteble-Logo-white.png]
[igniteble.com/images/Igniteble-Loyalty-Data.jpg]
[igniteble.com/images/Igniteble-Engagement-Data.jpg]
[igniteble.com/images/Monitor-Statistics-Igniteble-5.png]
[igniteble.com/images/Monitor-Statistics-Igniteble-6.png]
[igniteble.com/images/Monitor-Statistics-Igniteble-1.png]
[igniteble.com/images/Monitor-Statistics-Igniteble-2.png]
[igniteble.com/images/Monitor-Statistics-Igniteble-3.png]
[igniteble.com/images/Monitor-Statistics-Igniteble-4.png]
[igniteble.com/images/blue-triangles-background.jpg]
[igniteble.com/images/blog-quote.png]
[igniteble.com/images/Interface-Proximity-700.png]
[igniteble.com/images/Igniteble-Managed-Service-Interface-Proximity-1.jpg]
[igniteble.com/images/Igniteble-Managed-Service-Interface-Proximity-2.jpg]
[igniteble.com/images/Igniteble-Managed-Service-Interface-Proximity-3.jpg]
[igniteble.com/images/Igniteble-Managed-Service-Interface-Proximity-4.jpg]
[igniteble.com/img/Igniteble-Charlotte-Motor-Speedway-Interface-Proximity-Circle-K-message-at-Smith-Tower-s.jpg]
[igniteble.com/images/Campaign-Manager-Igniteble-1.png]
[igniteble.com/images/Campaign-Manager-Igniteble-2.png]
[igniteble.com/images/Igniteble-3screens-iphone6.png]
[igniteble.com/images/facebook.png]
[igniteble.com/images/twitter.png]
[igniteble.com/images/projects/3.png]
[igniteble.com/images/projects/4.jpg]
[igniteble.com/images/projects/5.jpg]
[igniteble.com/images/projects/6.png]
[ajax.googleapis.com/ajax/libs/jquery/1.8.3/jquery.js]
[igniteble.com/index.html]
[www.up2code-nyc.com/wp-content/themes/Up2Code/assets/favicon/apple-touch-icon.png]
[www.up2code-nyc.com/wp-content/themes/Up2Code/assets/favicon/favicon-32x32.png]
[www.up2code-nyc.com/wp-content/themes/Up2Code/assets/favicon/favicon-16x16.png]
[www.up2code-nyc.com/wp-content/themes/Up2Code/assets/favicon/manifest.json]
[www.up2code-nyc.com/wp-content/themes/Up2Code/assets/favicon/safari-pinned-tab.svg]
[www.up2code-nyc.com/wp-content/themes/Up2Code/assets/favicon/favicon.ico]
[www.up2code-nyc.com/wp-content/themes/Up2Code/assets/favicon/browserconfig.xml]
[code.jquery.com/jquery-3.1.1.slim.min.js]
[maxcdn.bootstrapcdn.com/bootstrap/3.3.7/css/bootstrap.min.css]
[maxcdn.bootstrapcdn.com/bootstrap/3.3.7/css/bootstrap-theme.min.css]
[maxcdn.bootstrapcdn.com/bootstrap/3.3.7/js/bootstrap.min.js]
[cdnjs.cloudflare.com/ajax/libs/Swiper/3.3.1/js/swiper.jquery.min.js]
[www.up2code-nyc.com/wp-content/cache/wpfc-minified/1d12fb7f4cc798ccc3102c68356814da/1501968930index.css]
[cdnjs.cloudflare.com/ajax/libs/Swiper/3.3.1/js/swiper.min.js]
[www.up2code-nyc.com/wp-content/cache/wpfc-minified/79aa206e389a21fff33115af844ef7df/1501968930index.js]
[www.up2code-nyc.com/wp-content/cache/wpfc-minified/df633ad2e3d3e11fb9e93ce637605e0c/1501968930index.js]
[ajax.googleapis.com/ajax/libs/jquery/1.11.0/jquery.min.js]
[use.fontawesome.com/5fcf8d3176.js]
[cdnjs.cloudflare.com/ajax/libs/animate.css/3.5.2/animate.min.css]
[www.up2code-nyc.com/wp-content/cache/wpfc-minified/2b05a4b70808a59ab4aa8c3fa6dde3fe/1501968930index.js]
[www.up2code-nyc.com/wp-content/cache/wpfc-minified/4a9987f95bcc4178c9b5076e97153933/1501968930index.js]
[www.up2code-nyc.com/wp-content/cache/wpfc-minified/38d4ec3a7359b7d5e1a59acc32eb5f39/1501968930index.css]
[www.up2code-nyc.com/wp-content/themes/Up2Code/assets/logo-white.png]
[www.up2code-nyc.com/portfolio/index.html]
[www.up2code-nyc.com/contact/index.html]
[www.up2code-nyc.com/process/index.html]
[www.up2code-nyc.com/wp-content/themes/Up2Code/assets/logo.png]
[www.up2code-nyc.com/wp-content/themes/Up2Code/assets/featured/logo_195936_635465471014401757.png]
[www.up2code-nyc.com/wp-content/themes/Up2Code/assets/featured/Layer0.png]
[www.up2code-nyc.com/wp-content/themes/Up2Code/assets/featured/Layer3.png]
[www.up2code-nyc.com/wp-content/themes/Up2Code/assets/icons/lightbulb.png]
[www.up2code-nyc.com/wp-content/themes/Up2Code/assets/icons/pen.png]
[www.up2code-nyc.com/wp-content/themes/Up2Code/assets/icons/code.png]
[www.up2code-nyc.com/wp-content/themes/Up2Code/bower_components/photoswipe/PhotoSwipe.js]
[www.up2code-nyc.com/wp-content/themes/Up2Code/bower_components/Trunk/Trunk-Package/css/animation-controller.js]
[www.up2code-nyc.com/index.html]
[justlevelupusa.com/xmlrpc.php]
[ajax.googleapis.com/ajax/libs/webfont/1.5.3/webfont.js]
[justlevelupusa.com/wp-content/plugins/LayerSlider/static/layerslider/css/layerslider109c.css]
[justlevelupusa.com/wp-content/uploads/layerslider.custom109c.css]
[justlevelupusa.com/wp-content/plugins/contact-form-7/includes/css/styles5859.css]
[justlevelupusa.com/feed/index.html]
[justlevelupusa.com/comments/feed/index.html]
[justlevelupusa.com/wp-content/plugins/popup-maker/assets/css/site.min7514.css]
[justlevelupusa.com/wp-content/plugins/wp-logo-showcase/assets/css/wplogoshowcase431f.css]
[justlevelupusa.com/wp-content/plugins/js_composer/assets/css/js_composer.min7263.css]
[fonts.googleapis.com/cssee2d.css]
[justlevelupusa.com/wp-content/themes/gymedge/assets/css/bootstrap.min9d52.css]
[justlevelupusa.com/wp-content/plugins/js_composer/assets/lib/bower/font-awesome/css/font-awesome.min7263.css]
[justlevelupusa.com/wp-content/themes/gymedge/assets/css/meanmenu9d52.css]
[justlevelupusa.com/wp-content/themes/gymedge/assets/css/default9d52.css]
[justlevelupusa.com/wp-content/themes/gymedge/assets/css/vc9d52.css]
[justlevelupusa.com/wp-content/themes/gymedge/assets/css/style9d52.css]
[justlevelupusa.com/wp-content/themes/gymedge/assets/css/responsive9d52.css]
[justlevelupusa.com/wp-content/uploads/2017/01/Img1.jpg]
[justlevelupusa.com/wp-content/plugins/LayerSlider/static/layerslider/js/greensockb3a6.js]
[justlevelupusa.com/wp-includes/js/jquery/jqueryb8ff.js]
[justlevelupusa.com/wp-includes/js/jquery/jquery-migrate.min330a.js]
[justlevelupusa.com/wp-content/plugins/LayerSlider/static/layerslider/js/layerslider.kreaturamedia.jquery109c.js]
[justlevelupusa.com/wp-content/plugins/LayerSlider/static/layerslider/js/layerslider.transitions109c.js]
[justlevelupusa.com/xmlrpc0db0.php]
[justlevelupusa.com/wp-includes/wlwmanifest.xml]
[justlevelupusa.com/wp-json/index.html]
[justlevelupusa.com/wp-json/oembed/1.0/embed3512.json]
[justlevelupusa.com/wp-json/oembed/1.0/embed6629]
[justlevelupusa.com/wp-content/uploads/2017/11/cropped-LogoWhite-32x32.png]
[justlevelupusa.com/wp-content/uploads/2017/11/cropped-LogoWhite-192x192.png]
[justlevelupusa.com/wp-content/uploads/2017/11/cropped-LogoWhite-180x180.png]
[justlevelupusa.com/wp-content/uploads/2017/06/bmi64c5.jpg]
[justlevelupusa.com/wp-content/uploads/2017/11/LogoBlack.png]
[justlevelupusa.com/wp-content/uploads/2017/11/LogoWhite-1.png]
[justlevelupusa.com/wp-content/uploads/2017/01/slider_01.jpg]
[justlevelupusa.com/wp-content/uploads/2017/01/Img2.jpg]
[justlevelupusa.com/wp-content/uploads/2016/10/being-builder.png]
[justlevelupusa.com/wp-content/uploads/2017/01/coming_soon.png]
[justlevelupusa.com/wp-content/uploads/2017/01/iPhone-6-7-8-–-1.png]
[justlevelupusa.com/wp-content/uploads/2017/01/trainer4.png]
[justlevelupusa.com/wp-content/plugins/js_composer/assets/lib/bower/animate-css/animate.min7263.css]
[justlevelupusa.com/wp-content/plugins/contact-form-7/includes/js/scripts5859.js]
[justlevelupusa.com/wp-content/plugins/easy-twitter-feed-widget/js/twitter-widgets5152.js]
[justlevelupusa.com/read-this-freelance-the-future-of-personal-training-on-shred-shared/index.html]
[justlevelupusa.com/how-yoga-is-spreading-in-the-u-s/index.html]
[justlevelupusa.com/wp-includes/js/jquery/ui/core.mine899.js]
[justlevelupusa.com/wp-includes/js/jquery/ui/position.mine899.js]
[justlevelupusa.com/wp-content/plugins/popup-maker/assets/js/site.min2d21.js]
[justlevelupusa.com/wp-content/themes/gymedge/assets/js/bootstrap.min9d52.js]
[justlevelupusa.com/wp-content/themes/gymedge/assets/js/jquery.nav.min9d52.js]
[justlevelupusa.com/wp-content/themes/gymedge/assets/js/jquery.meanmenu.min9d52.js]
[justlevelupusa.com/wp-content/themes/gymedge/assets/js/js.cookie.min9d52.js]
[justlevelupusa.com/wp-content/themes/gymedge/assets/js/main9d52.js]
[justlevelupusa.com/wp-includes/js/wp-embed.min447e.js]
[justlevelupusa.com/wp-content/plugins/js_composer/assets/js/dist/js_composer_front.min7263.js]
[justlevelupusa.com/wp-content/plugins/js_composer/assets/lib/waypoints/waypoints.min7263.js]
[justlevelupusa.com/index.html]
[static.wixstatic.com/media/a979ab_4f1c4d0571864c469d1e7d9a7a430d83_mv2.png/v1/fill/w_32,h_32,lg_1,usm_0.66_1.00_0.01/a979ab_4f1c4d0571864c469d1e7d9a7a430d83_mv2.png]
[static.parastorage.com/services/third-party/requirejs/2.1.15/require.min.js]
[static.parastorage.com/services/santa/1.2648.20/app/main-r.min.js]
[static.parastorage.com/unpkg/lodash@4.17.4/lodash.min.js]
[static.parastorage.com/unpkg/zepto@1.2.0/dist/zepto.min.js]
[static.parastorage.com/unpkg/react@15.5.4/dist/react-with-addons.min.js]
[www.athand.co.uk/sitemap.xml]
[www.athand.co.uk/feed.141.delayed]
[static.wixstatic.com/sites/a979ab_d23cf363f155125c6ff4c12ff8d2781f_922.json30f4.json]
[www.athand.co.uk/index.html]
[static.wixstatic.com/sites/a979ab_82122b2910b6a2f4cf5c0ab9ddc57ced_922.json30f4.json]
[www.havefomo.com/css/styles.css]
[www.havefomo.com/favicon.png]
[www.havefomo.com/img/Brand-02.png]
[fonts.googleapis.com/cssaa4a.css]
[www.havefomo.com/brands.html]
[www.havefomo.com/img/realtime.png]
[www.havefomo.com/img/deals.png]
[www.havefomo.com/img/friends.png]
[www.havefomo.com/img/logoweb.png]
[www.havefomo.com/img/appstore.png]
[www.havefomo.com/img/googleplay.png]
[www.havefomo.com/img/20News.png]
[www.havefomo.com/img/BusinessReport.png]
[www.havefomo.com/img/GainesvilleScene.png]
[www.havefomo.com/img/xtalks.png]
[www.havefomo.com/img/Alligator.png]
[www.havefomo.com/img/InnovationHub.png]
[code.jquery.com/jquery-3.1.1.min.js]
[www.havefomo.com/index.html]
[s.w.org/index.html]
[crownstack.com/xmlrpc0db0.html]
[crownstack.com/wp-admin/admin-ajax.html]
[crownstack.com/wp-content/uploads/fusion-styles/fusion-1-archive6b63.css]
[1.gravatar.com/avatar/dd95e524e58acb7c32545736ca71a600d9a8.png]
[crownstack.com/author/bharat/feed/index.html]
[avada.theme-fusion.com/modern-shop/wp-content/uploads/sites/27/2015/11/sidebar_ad-compressor-2.jpg]
[crownstack.com/author/bharat/index.html]
[v2.zopim.com/index0fb3.html]
[fonts.googleapis.com/cssc673.css]
[img1.wsimg.com/isteam/stock/107463/_/rs=w_538,h_269,cg_true,m/cr=w_538,h_269.jpg]
[futugraph.com/widescreen.html]
[futugraph.com/feature-me.html]
[futugraph.com/privacy-policy.html]
[thedevcrew.com/thanks.html]
[img1.wsimg.com/isteam/stock/12191/_/rs=w_538,h_269,cg_true,m/cr=w_538,h_269.jpg]
[fonts.googleapis.com/index.html]
[fonts.googleapis.com/css0f22.css]
[fonts.googleapis.com/cssa3be.css]
[droom.at/wp-content/cache/minify/f145c.css]
[droom.at/wp-json/oembed/1.0/embedf412.json]
[droom.at/wp-json/oembed/1.0/embed6846]
[droom.at/wp-content/uploads/2017/09/analytics-2618277_1920-80x80.jpg]
[droom.at/wp-content/uploads/2017/03/notebook-1200x480.jpg]
[droom.at/wp-content/plugins/social-media-feather/synved-social/image/social/regular/32x32/facebook.png]
[droom.at/wp-content/plugins/social-media-feather/synved-social/image/social/regular/32x32/twitter.png]
[droom.at/wp-content/plugins/social-media-feather/synved-social/image/social/regular/32x32/google_plus.png]
[droom.at/wp-content/plugins/social-media-feather/synved-social/image/social/regular/32x32/linkedin.png]
[droom.at/wp-content/plugins/social-media-feather/synved-social/image/social/regular/32x32/mail.png]
[droom.at/wp-content/plugins/social-media-feather/synved-social/image/social/regular/64x64/facebook.png]
[droom.at/wp-content/plugins/social-media-feather/synved-social/image/social/regular/64x64/twitter.png]
[droom.at/wp-content/plugins/social-media-feather/synved-social/image/social/regular/64x64/google_plus.png]
[droom.at/wp-content/plugins/social-media-feather/synved-social/image/social/regular/64x64/linkedin.png]
[droom.at/wp-content/plugins/social-media-feather/synved-social/image/social/regular/64x64/mail.png]
[droom.at/wp-content/uploads/2017/09/analytics-2618277_1920-960x750.jpg]
[droom.at/meteor-entwicklung-neueste-updates-alles-auf-dem-letzten-stand/index.html]
[droom.at/wp-content/cache/minify/9bd1c.css]
[droom.at/wp-json/oembed/1.0/embedc8e3.json]
[droom.at/allgemeine-geschaeftsbedingungen/index.html]
[droom.at/wp-json/oembed/1.0/embed5e2c]
[droom.at/wp-json/oembed/1.0/embed6aac.json]
[droom.at/wp-json/oembed/1.0/embed15e4]
[droom.at/impressum/index.html]
[www.neoncoat.com/img/hero-iphone-model.png]
[www.neoncoat.com/img/hero-iphone-shadow.png]
[www.neoncoat.com/img/downloadapp.png]
[www.neoncoat.com/img/iphone-food.png]
[www.neoncoat.com/img/iphone-1.png]
[www.neoncoat.com/img/iphone-3.png]
[www.neoncoat.com/model.html]
[www.neoncoat.com/img/hero-iphone.png]
[www.neoncoat.com/img/iphone-2.png]
[www.neoncoat.com/business.html]
[fonts.googleapis.com/css16e1.css]
[www.agentbin.com/terms.html]
[www.agentbin.com/privacy.html]
[fonts.googleapis.com/cssff98.css]
[fonts.googleapis.com/csse3e5.css]
[igniteble.com/news.html]
[igniteble.com/images/blog-Igniteble-Driving-Engagement-Experience-and-Revenue-2.jpg]
[igniteble.com/images/blog-Igniteble-Driving-Engagement-Experience-and-Revenue-1.jpg]
[igniteble.com/articles.html]
[igniteble.com/Interface-Security-Systems-Teams-with-Speedway-Motorsports-to-Provide-Proximity-Services-to-Fans-at-Charlotte-Motor-Speedway.html]
[igniteble.com/articles-2.html]
[igniteble.com/end-user-privacy-policy.html]
[igniteble.com/images/blog-stat-snack-mboile-time-spent.png]
[igniteble.com/interface/assets/images/logo.png]
[igniteble.com/interface/assets/images/ajax-loader.gif]
[igniteble.com/interface/login.html]
[www.up2code-nyc.com/wp-content/themes/Up2Code/assets/project-icons/neighborhood.png]
[www.up2code-nyc.com/wp-content/themes/Up2Code/assets/project-icons/booklendr.png]
[www.up2code-nyc.com/wp-content/themes/Up2Code/assets/project-icons/avail.png]
[www.up2code-nyc.com/wp-content/themes/Up2Code/assets/project-icons/autobeats.png]
[www.up2code-nyc.com/wp-content/themes/Up2Code/assets/project-icons/zolo.png]
[www.up2code-nyc.com/wp-content/themes/Up2Code/assets/project-icons/bask.png]
[www.up2code-nyc.com/wp-content/themes/Up2Code/assets/project-icons/loudscore.png]
[up2code.austinserio.com/wp-content/themes/Up2Code/assets/project-icons/neighborhood.png]
[up2code.austinserio.com/wp-content/themes/Up2Code/assets/project-icons/booklendr.png]
[up2code.austinserio.com/wp-content/themes/Up2Code/assets/project-icons/avail.png]
[up2code.austinserio.com/wp-content/themes/Up2Code/assets/project-icons/zolo.png]
[up2code.austinserio.com/wp-content/themes/Up2Code/assets/project-icons/loudscore.png]
[up2code.austinserio.com/wp-content/themes/Up2Code/assets/project-icons/bask.png]
[up2code.austinserio.com/wp-content/themes/Up2Code/assets/project-icons/autobeats.png]
[www.up2code-nyc.com/portfolio/index.html]
[www.up2code-nyc.com/wp-content/themes/Up2Code/assets/processScreens.png]
[www.up2code-nyc.com/process/index.html]
[www.up2code-nyc.com/contact/index.html]
[gmpg.org/xfn/11.html]
[justlevelupusa.com/xmlrpc.php]
[fonts.googleapis.com/cssee2d.css]
[justlevelupusa.com/how-yoga-is-spreading-in-the-u-s/feed/index.html]
[justlevelupusa.com/indexedcf.html]
[justlevelupusa.com/wp-json/oembed/1.0/embedd1fb.json]
[justlevelupusa.com/wp-json/oembed/1.0/embed9a7c]
[justlevelupusa.com/how-yoga-is-spreading-in-the-u-s/index.html]
[justlevelupusa.com/wp-json/oembed/1.0/embedf5e3.json]
[justlevelupusa.com/indexb7df.html]
[justlevelupusa.com/read-this-freelance-the-future-of-personal-training-on-shred-shared/feed/index.html]
[justlevelupusa.com/wp-json/oembed/1.0/embed7812]
[justlevelupusa.com/read-this-freelance-the-future-of-personal-training-on-shred-shared/index.html]
[justlevelupusa.com/wp-content/uploads/2017/12/Frlnce_Future_BLOG.png]
[static.wixstatic.com/index.html]
[fonts.googleapis.com/cssaa4a.css]
[www.havefomo.com/css/brands.css]
[www.havefomo.com/img/bg-triangle.png]
[www.havefomo.com/img/1.png]
[www.havefomo.com/img/2.png]
[www.havefomo.com/img/3.png]
[www.havefomo.com/img/push-notifications-icon.png]
[www.havefomo.com/img/select-button.png]
[www.havefomo.com/img/opening-announcements-icon.png]
[www.havefomo.com/img/in-app-announcements-icon.png]
[www.havefomo.com/img/featured-drink-specials-icon.png]
[www.havefomo.com/img/push.png]
[www.havefomo.com/img/opening.png]
[www.havefomo.com/img/in-ad.png]
[www.havefomo.com/img/featured.png]
[www.havefomo.com/brands.html]
[www.havefomo.com/img/submit-button.png]
[droom.at/indexb7bc.html]
[droom.at/index0b69.html]
[droom.at/index2dc4.html]
[gmpg.org/xfn/.html]
[gmpg.org/xfn/intro.html]
[gmpg.org/xfn/faq.html]
[justlevelupusa.com/indexedcf.html]
[justlevelupusa.com/indexb7df.html]
[crownstack.com/wp-json/index.html]
[crownstack.com/home/feed/index.html]
[crownstack.com/wp-includes/js/jquery/jquery-migrate.min330a.js]
[crownstack.com/wp-includes/js/jquery/jqueryb8ff.js]
[crownstack.com/wp-content/uploads/2015/05/bg1.jpg]
[crownstack.com/wp-content/plugins/contact-form-7/includes/css/styles20fd.css]
[crownstack.com/wp-content/uploads/2015/05/mercedeslogo-300x300.png]
[crownstack.com/wp-content/themes/Avada/assets/css/style.min91d5.css]
[crownstack.com/wp-content/uploads/fusion-styles/fusion-77a3e.css]
[crownstack.com/wp-content/uploads/2015/05/webtechnology-700.png]
[crownstack.com/xmlrpc0db0.html]
[crownstack.com/wp-content/uploads/2015/05/bg3.jpg]
[crownstack.com/wp-admin/admin-ajax.html]
[crownstack.com/wp-content/plugins/contact-form-7/includes/js/scripts20fd.js]
[crownstack.com/author/bharat/index.html]
[crownstack.com/wp-content/uploads/2015/05/uiux2.png]
[www.google.com/recaptcha/apiae20.js]
[shyoph.com/assets/images/gallery02/01_original4012.jpg]
[crownstack.com/wp-content/plugins/revue/revuef488.js]
[shyoph.com/assets/images/gallery02/02_original4012.jpg]
[shyoph.com/assets/images/gallery02/03_original4012.jpg]
[crownstack.com/wp-content/uploads/fusion-scripts/f85b021eb75ad0f07bd04c0c4d57fccd75a5.js]
[shyoph.com/assets/images/gallery02/04_original4012.jpg]
[shyoph.com/assets/images/gallery02/05_original4012.jpg]
[crownstack.com/wp-includes/js/wp-embed.min5859.js]
[img1.wsimg.com/isteam/ip/debefe8f-36dc-4ed4-911f-1ee683bb1574/cb07bf5b-b658-4f6f-9151-acbd1da4b7df.jpg]
[img1.wsimg.com/isteam/ip/debefe8f-36dc-4ed4-911f-1ee683bb1574/cb07bf5b-b658-4f6f-9151-acbd1da4b7df.png/_/rs=h_500,cg_true,m.jpg]
[img1.wsimg.com/ceph-p3-01/website-builder-data-prod/static/widgets/UX.3.9.3.js]
[thedevcrew.com/img/top-monitor.png]
[thedevcrew.com/img/concept1.png]
[shyoph.com/assets/images/gallery01/05_original4012.jpg]
[thedevcrew.com/img/concept2.png]
[thedevcrew.com/img/concept3.png]
[thedevcrew.com/img/concept7.png]
[thedevcrew.com/img/technologies1.png]
[droom.at/feed/index.html]
[droom.at/comments/feed/index.html]
[apis.google.com/js/plusone5859.js]
[droom.at/wp-json/index.html]
[shyoph.com/assets/images/gallery01/03_original4012.jpg]
[cdnjs.cloudflare.com/ajax/libs/jquery-scrollTo/2.1.2/jquery.scrollTo.min.js]
[www.google.com/recaptcha/api.js]
[futugraph.com/widescreen.html]
[code.jquery.com/jquery-2.1.1.min.js]
[img1.wsimg.com/tcc/tcc_l.combined.1.0.6.min.js]
[www.agentbin.com/media/display.png]
[igniteble.com/images/Igniteble-San-Diego-blue-triangle-big.jpg]
[thedevcrew.com/css/vendor.min.css]
[igniteble.com/images/Igniteble-Loyalty-Data.jpg]
[thedevcrew.com/css/header.min.css]
[www.neoncoat.com/scripts/main.js]
[igniteble.com/images/Igniteble-Engagement-Data.jpg]
[igniteble.com/images/Monitor-Statistics-Igniteble-5.png]
[www.agentbin.com/js/materialize.min.js]
[www.neoncoat.com/img/logo.png]
[igniteble.com/images/Monitor-Statistics-Igniteble-6.png]
[igniteble.com/images/Monitor-Statistics-Igniteble-1.png]
[igniteble.com/images/Monitor-Statistics-Igniteble-2.png]
[igniteble.com/images/Monitor-Statistics-Igniteble-3.png]
[igniteble.com/images/Monitor-Statistics-Igniteble-4.png]
[igniteble.com/images/blue-triangles-background.jpg]
[igniteble.com/images/Interface-Proximity-700.png]
[igniteble.com/images/Igniteble-Managed-Service-Interface-Proximity-1.jpg]
[igniteble.com/images/Igniteble-Managed-Service-Interface-Proximity-2.jpg]
[igniteble.com/images/Igniteble-Managed-Service-Interface-Proximity-3.jpg]
[igniteble.com/images/Igniteble-Managed-Service-Interface-Proximity-4.jpg]
[igniteble.com/img/Igniteble-Charlotte-Motor-Speedway-Interface-Proximity-Circle-K-message-at-Smith-Tower-s.jpg]
[igniteble.com/images/Campaign-Manager-Igniteble-1.png]
[igniteble.com/images/Campaign-Manager-Igniteble-2.png]
[igniteble.com/images/Igniteble-3screens-iphone6.png]
[igniteble.com/images/twitter.png]
[igniteble.com/images/projects/4.jpg]
[igniteble.com/images/projects/5.jpg]
[cdnjs.cloudflare.com/ajax/libs/Swiper/3.3.1/js/swiper.jquery.min.js]
[cdnjs.cloudflare.com/ajax/libs/Swiper/3.3.1/js/swiper.min.js]
[maxcdn.bootstrapcdn.com/bootstrap/3.3.7/js/bootstrap.min.js]
[www.up2code-nyc.com/wp-content/themes/Up2Code/assets/featured/Layer3.png]
[thedevcrew.com/css/main.min.css]
[www.up2code-nyc.com/wp-content/themes/Up2Code/assets/icons/lightbulb.png]
[www.up2code-nyc.com/wp-content/themes/Up2Code/assets/icons/pen.png]
[www.up2code-nyc.com/wp-content/themes/Up2Code/assets/icons/code.png]
[www.up2code-nyc.com/wp-content/themes/Up2Code/bower_components/photoswipe/PhotoSwipe.js]
[use.fontawesome.com/5fcf8d3176.js]
[droom.at/wp-content/cache/minify/b6fcf.css]
[justlevelupusa.com/feed/index.html]
[justlevelupusa.com/comments/feed/index.html]
[justlevelupusa.com/wp-json/index.html]
[fonts.googleapis.com/css0f22.css]
[justlevelupusa.com/wp-json/oembed/1.0/embed3512.json]
[droom.at/wp-content/cache/minify/b9f11.js]
[justlevelupusa.com/wp-content/uploads/2017/11/cropped-LogoWhite-32x32.png]
[justlevelupusa.com/wp-json/oembed/1.0/embed6629]
[droom.at/wp-content/cache/minify/f4f54.js]
[justlevelupusa.com/wp-content/uploads/2017/01/Img2.jpg]
[justlevelupusa.com/wp-content/uploads/2017/01/coming_soon.png]
[droom.at/wp-content/cache/minify/c14cf.js]
[justlevelupusa.com/wp-content/uploads/2016/10/being-builder.png]
[justlevelupusa.com/wp-content/uploads/2017/01/trainer4.png]
[justlevelupusa.com/wp-content/uploads/2017/01/iPhone-6-7-8-–-1.png]
[connect.facebook.net/de_DE/all5859.js]
[droom.at/wp-content/cache/minify/e218c.js]
[droom.at/wp-content/cache/minify/1ddb9.js]
[static.wixstatic.com/media/a979ab_4f1c4d0571864c469d1e7d9a7a430d83_mv2.png/v1/fill/w_32,h_32,lg_1,usm_0.66_1.00_0.01/a979ab_4f1c4d0571864c469d1e7d9a7a430d83_mv2.png]
[droom.at/wp-content/cache/minify/30eb0.js]
[droom.at/wp-content/cache/minify/1b5f1.js]
[www.athand.co.uk/sitemap.xml]
[droom.at/wp-content/plugins/hustle/assets/css/front4c56.css]
[droom.at/wp-content/cache/minify/1cf0a.js]
[crownstack.com/author/bharat/feed/index.html]
[droom.at/wp-content/cache/minify/7250f.js]
[code.jquery.com/jquery-3.1.1.min.js]
[avada.theme-fusion.com/modern-shop/wp-content/uploads/sites/27/2015/11/sidebar_ad-compressor-2.jpg]
[img1.wsimg.com/isteam/stock/107463/_/rs=w_538,h_269,cg_true,m/cr=w_538,h_269.jpg]
[droom.at/wp-content/cache/minify/10249.js]
[img1.wsimg.com/isteam/stock/12191/_/rs=w_538,h_269,cg_true,m/cr=w_538,h_269.jpg]
[madesense.digital/css/kaleidoscope.css]
[madesense.digital/css/styles.css]
[www.neoncoat.com/favicon.html]
[www.neoncoat.com/img/hero-iphone-model.png]
[www.neoncoat.com/img/hero-iphone-shadow.png]
[www.neoncoat.com/img/iphone-food.png]
[www.neoncoat.com/img/iphone-1.png]
[www.neoncoat.com/img/iphone-3.png]
[igniteble.com/images/blog-Igniteble-Driving-Engagement-Experience-and-Revenue-2.jpg]
[igniteble.com/images/blog-Igniteble-Driving-Engagement-Experience-and-Revenue-1.jpg]
[igniteble.com/images/blog-stat-snack-mboile-time-spent.png]
[www.up2code-nyc.com/wp-content/themes/Up2Code/assets/processScreens.png]
[justlevelupusa.com/how-yoga-is-spreading-in-the-u-s/feed/index.html]
[justlevelupusa.com/wp-json/oembed/1.0/embedd1fb.json]
[www.neoncoat.com/img/hero-iphone.png]
[justlevelupusa.com/wp-json/oembed/1.0/embed9a7c]
[www.neoncoat.com/ms-icon-144x144.html]
[justlevelupusa.com/read-this-freelance-the-future-of-personal-training-on-shred-shared/feed/index.html]
[www.neoncoat.com/styles/main.css]
[justlevelupusa.com/wp-content/uploads/2017/12/Frlnce_Future_BLOG.png]
[www.neoncoat.com/img/iphone-2.png]
[justlevelupusa.com/wp-json/oembed/1.0/embed7812]
[www.neoncoat.com/model.html]
[www.googletagmanager.com/gtm5445.html]
[www.agentbin.com/css/materialize.min.css]
[www.agentbin.com/css/style.css]
[maxcdn.bootstrapcdn.com/font-awesome/4.7.0/css/font-awesome.min.css]
[www.agentbin.com/terms.html]
[igniteble.com/css/bootstrap.min.css]
[igniteble.com/style.css]
[igniteble.com/css/prettyPhoto.css]
[igniteble.com/css/jquery.bxslider.css]
[igniteble.com/css/font-awesome.min.css]
[igniteble.com/end-user-privacy-policy.html]
[igniteble.com/js/jquery.sticky.js]
[igniteble.com/js/jquery.mb.YTPlayer.js]
[igniteble.com/js/jquery.easing-1.3.pack.js]
[igniteble.com/js/bootstrap.min.js]
[igniteble.com/js/jquery.parallax-1.1.3.js]
[igniteble.com/js/appear.js]
[igniteble.com/js/modernizr.js]
[igniteble.com/js/jquery.prettyPhoto.js]
[igniteble.com/js/isotope.js]
[igniteble.com/js/jquery.bxslider.min.js]
[igniteble.com/js/jquery.tweet.js]
[igniteble.com/js/jquery.cycle.all.js]
[igniteble.com/js/jquery.maximage.js]
[igniteble.com/js/sscr.js]
[igniteble.com/js/skrollr.js]
[igniteble.com/js/jquery.jigowatt.js]
[igniteble.com/js/scripts.js]
[www.up2code-nyc.com/wp-content/themes/Up2Code/assets/favicon/safari-pinned-tab.svg]
[maxcdn.bootstrapcdn.com/bootstrap/3.3.7/css/bootstrap.min.css]
[maxcdn.bootstrapcdn.com/bootstrap/3.3.7/css/bootstrap-theme.min.css]
[www.up2code-nyc.com/wp-content/cache/wpfc-minified/1d12fb7f4cc798ccc3102c68356814da/1501968930index.css]
[cdnjs.cloudflare.com/ajax/libs/animate.css/3.5.2/animate.min.css]
[www.up2code-nyc.com/wp-content/cache/wpfc-minified/38d4ec3a7359b7d5e1a59acc32eb5f39/1501968930index.css]
[justlevelupusa.com/wp-content/plugins/LayerSlider/static/layerslider/css/layerslider109c.css]
[justlevelupusa.com/wp-content/uploads/layerslider.custom109c.css]
[justlevelupusa.com/wp-content/plugins/contact-form-7/includes/css/styles5859.css]
[justlevelupusa.com/wp-content/plugins/popup-maker/assets/css/site.min7514.css]
[justlevelupusa.com/wp-content/plugins/wp-logo-showcase/assets/css/wplogoshowcase431f.css]
[justlevelupusa.com/wp-content/plugins/js_composer/assets/css/js_composer.min7263.css]
[justlevelupusa.com/wp-content/themes/gymedge/assets/css/bootstrap.min9d52.css]
[justlevelupusa.com/wp-content/plugins/js_composer/assets/lib/bower/font-awesome/css/font-awesome.min7263.css]
[justlevelupusa.com/wp-content/themes/gymedge/assets/css/meanmenu9d52.css]
[justlevelupusa.com/wp-content/themes/gymedge/assets/css/default9d52.css]
[justlevelupusa.com/wp-content/themes/gymedge/assets/css/vc9d52.css]
[justlevelupusa.com/wp-content/themes/gymedge/assets/css/style9d52.css]
[justlevelupusa.com/wp-content/themes/gymedge/assets/css/responsive9d52.css]
[justlevelupusa.com/wp-content/plugins/LayerSlider/static/layerslider/js/greensockb3a6.js]
[justlevelupusa.com/wp-includes/js/jquery/jqueryb8ff.js]
[justlevelupusa.com/wp-includes/js/jquery/jquery-migrate.min330a.js]
[justlevelupusa.com/wp-content/plugins/LayerSlider/static/layerslider/js/layerslider.kreaturamedia.jquery109c.js]
[justlevelupusa.com/wp-content/plugins/LayerSlider/static/layerslider/js/layerslider.transitions109c.js]
[justlevelupusa.com/xmlrpc0db0.php]
[justlevelupusa.com/xmlrpc0db0.php]
[justlevelupusa.com/how-yoga-is-spreading-in-the-u-s/index.html]
[justlevelupusa.com/wp-content/plugins/js_composer/assets/lib/bower/animate-css/animate.min7263.css]
[justlevelupusa.com/wp-content/plugins/contact-form-7/includes/js/scripts5859.js]
[justlevelupusa.com/wp-content/plugins/easy-twitter-feed-widget/js/twitter-widgets5152.js]
[justlevelupusa.com/wp-includes/js/jquery/ui/core.mine899.js]
[justlevelupusa.com/wp-includes/js/jquery/ui/position.mine899.js]
[justlevelupusa.com/wp-content/plugins/popup-maker/assets/js/site.min2d21.js]
[justlevelupusa.com/wp-content/themes/gymedge/assets/js/bootstrap.min9d52.js]
[justlevelupusa.com/wp-content/themes/gymedge/assets/js/jquery.nav.min9d52.js]
[justlevelupusa.com/wp-content/themes/gymedge/assets/js/jquery.meanmenu.min9d52.js]
[justlevelupusa.com/wp-content/themes/gymedge/assets/js/js.cookie.min9d52.js]
[justlevelupusa.com/wp-content/themes/gymedge/assets/js/main9d52.js]
[justlevelupusa.com/wp-includes/js/wp-embed.min447e.js]
[justlevelupusa.com/wp-content/plugins/js_composer/assets/js/dist/js_composer_front.min7263.js]
[justlevelupusa.com/wp-content/plugins/js_composer/assets/lib/waypoints/waypoints.min7263.js]
[static.parastorage.com/services/third-party/requirejs/2.1.15/require.min.js]
[static.parastorage.com/services/santa/1.2648.20/app/main-r.min.js]
[www.athand.co.uk/feed.html]
[fonts.googleapis.com/cssaa4a.css]
[www.havefomo.com/css/styles.css]
[www.havefomo.com/js/script.js]
[crownstack.com/wp-content/uploads/fusion-styles/fusion-1-archive6b63.css]
[droom.at/wp-content/cache/minify/f145c.css]
[droom.at/wp-content/cache/minify/9bd1c.css]
[droom.at/index2dc4.html]
[www.agentbin.com/media/favicon.html]
[igniteble.com/favicon.html]
[igniteble.com/interface/assets/plugins/bootstrap/css/bootstrap.min.css]
[igniteble.com/interface/assets/plugins/font-awesome/css/font-awesome.min.css]
[igniteble.com/interface/assets/plugins/animate.css/animate.min.css]
[igniteble.com/interface/assets/plugins/iCheck/skins/all.css]
[igniteble.com/interface/assets/css/styles.css]
[igniteble.com/interface/assets/css/styles-responsive.css]
[igniteble.com/interface/assets/plugins/bootstrap-social-buttons/bootstrap-social.css]
[gmpg.org/xfn/default.css]
[droom.at/wp-json/oembed/1.0/embed15e4]
[justlevelupusa.com/indexedcf.html]
[justlevelupusa.com/indexb7df.html]
[www.havefomo.com/css/brands.css]
